121.146.245.59 - - [28/Nov/2021:07:27:35 +0000] "GET /api/v1/user/context_j/board/100 HTTP/1.1" 304 - "http://127.0.0.1/" "Mozilla/5.0 (Windows NT 10.0; Win64; x64) AppleWebKit/537.36 (KHTML, like Gecko) Chrome/96.0.4664.55 Safari/537.36 Edg/96.0.1054.34"
121.146.245.59 - - [28/Nov/2021:07:27:37 +0000] "GET /api/v1/user/context_j/veiw?no=1 HTTP/1.1" 404 165 "http://127.0.0.1/" "Mozilla/5.0 (Windows NT 10.0; Win64; x64) AppleWebKit/537.36 (KHTML, like Gecko) Chrome/96.0.4664.55 Safari/537.36 Edg/96.0.1054.34"
121.146.245.59 - - [28/Nov/2021:07:34:24 +0000] "GET /api/v1/user/context_j/board/100 HTTP/1.1" 304 - "http://127.0.0.1/" "Mozilla/5.0 (Windows NT 10.0; Win64; x64) AppleWebKit/537.36 (KHTML, like Gecko) Chrome/96.0.4664.55 Safari/537.36 Edg/96.0.1054.34"
121.146.245.59 - - [28/Nov/2021:07:34:27 +0000] "GET /api/v1/user/context_j/veiw?no=1 HTTP/1.1" 404 165 "http://127.0.0.1/" "Mozilla/5.0 (Windows NT 10.0; Win64; x64) AppleWebKit/537.36 (KHTML, like Gecko) Chrome/96.0.4664.55 Safari/537.36 Edg/96.0.1054.34"
121.146.245.59 - - [28/Nov/2021:07:34:45 +0000] "GET /api/v1/user/context_j/veiw HTTP/1.1" 404 165 "-" "Mozilla/5.0 (Windows NT 10.0; Win64; x64) AppleWebKit/537.36 (KHTML, like Gecko) Chrome/96.0.4664.55 Safari/537.36 Edg/96.0.1054.34"
121.146.245.59 - - [28/Nov/2021:07:35:27 +0000] "GET /api/v1/user/context_j/board/100 HTTP/1.1" 304 - "http://127.0.0.1/" "Mozilla/5.0 (Windows NT 10.0; Win64; x64) AppleWebKit/537.36 (KHTML, like Gecko) Chrome/96.0.4664.55 Safari/537.36 Edg/96.0.1054.34"
121.146.245.59 - - [28/Nov/2021:07:35:27 +0000] "GET /api/v1/user/context_j/veiw?no=1 HTTP/1.1" 404 165 "http://127.0.0.1/" "Mozilla/5.0 (Linux; Android 6.0; Nexus 5 Build/MRA58N) AppleWebKit/537.36 (KHTML, like Gecko) Chrome/96.0.4664.55 Mobile Safari/537.36 Edg/96.0.1054.34"
118.47.158.225 - - [28/Nov/2021:07:36:06 +0000] "GET /api/v1/user/context_j/veiw?no=1 HTTP/1.1" 404 165 "-" "Mozilla/5.0 (Windows NT 10.0; Win64; x64) AppleWebKit/537.36 (KHTML, like Gecko) Chrome/96.0.4664.45 Safari/537.36"
211.36.150.153 - - [28/Nov/2021:07:42:49 +0000] "GET /api/v1/user/context_j/test HTTP/1.1" 200 15777 "-" "Mozilla/5.0 (Linux; Android 11; SM-G977N Build/RP1A.200720.012; wv) AppleWebKit/537.36 (KHTML, like Gecko) Version/4.0 Chrome/96.0.4664.45 Mobile Safari/537.36;KAKAOTALK 2309570"
211.36.150.153 - - [28/Nov/2021:07:42:49 +0000] "GET /favicon.ico HTTP/1.1" 404 150 "http://180.83.98.139:4000/api/v1/user/context_j/test" "Mozilla/5.0 (Linux; Android 11; SM-G977N Build/RP1A.200720.012; wv) AppleWebKit/537.36 (KHTML, like Gecko) Version/4.0 Chrome/96.0.4664.45 Mobile Safari/537.36;KAKAOTALK 2309570"
211.36.150.153 - - [28/Nov/2021:07:43:15 +0000] "GET /api/v1/user/context_j/veiw?no=1 HTTP/1.1" 404 165 "-" "Mozilla/5.0 (Linux; Android 11; SM-G977N Build/RP1A.200720.012; wv) AppleWebKit/537.36 (KHTML, like Gecko) Version/4.0 Chrome/96.0.4664.45 Mobile Safari/537.36;KAKAOTALK 2309570"
211.36.150.153 - - [28/Nov/2021:07:43:43 +0000] "GET /api/v1/user/context_j/veiw?no=1 HTTP/1.1" 404 165 "-" "Mozilla/5.0 (Linux; Android 11; SM-G977N Build/RP1A.200720.012; wv) AppleWebKit/537.36 (KHTML, like Gecko) Version/4.0 Chrome/96.0.4664.45 Mobile Safari/537.36;KAKAOTALK 2309570"
211.36.150.153 - - [28/Nov/2021:07:44:25 +0000] "GET /api/v1/user/context_j/veiw?no=1 HTTP/1.1" 404 165 "-" "Mozilla/5.0 (Linux; Android 11; SM-G977N Build/RP1A.200720.012; wv) AppleWebKit/537.36 (KHTML, like Gecko) Version/4.0 Chrome/96.0.4664.45 Mobile Safari/537.36;KAKAOTALK 2309570"
74.125.214.42 - - [28/Nov/2021:07:44:28 +0000] "GET /api/v1/user/context_j/test HTTP/1.1" 200 15777 "-" "Mozilla/5.0 (X11; Linux x86_64) AppleWebKit/537.36 (KHTML, like Gecko) Chrome/49.0.2623.75 Safari/537.36 Google Favicon"
66.249.80.185 - - [28/Nov/2021:07:44:28 +0000] "GET /api/v1/user/context_j/veiw?no=1 HTTP/1.1" 404 165 "-" "Mozilla/5.0 (X11; Linux x86_64) AppleWebKit/537.36 (KHTML, like Gecko) Chrome/49.0.2623.75 Safari/537.36 Google Favicon"
74.125.214.40 - - [28/Nov/2021:07:44:29 +0000] "GET /favicon.ico HTTP/1.1" 404 150 "-" "Mozilla/5.0 (X11; Linux x86_64) AppleWebKit/537.36 (KHTML, like Gecko) Chrome/49.0.2623.75 Safari/537.36 Google Favicon"
121.146.245.59 - - [28/Nov/2021:07:47:07 +0000] "GET /api/v1/user/context_j/veiw?no=1 HTTP/1.1" 404 165 "http://127.0.0.1/" "Mozilla/5.0 (Linux; Android 6.0; Nexus 5 Build/MRA58N) AppleWebKit/537.36 (KHTML, like Gecko) Chrome/96.0.4664.55 Mobile Safari/537.36 Edg/96.0.1054.34"
121.146.245.59 - - [28/Nov/2021:07:48:21 +0000] "GET /api/v1/user/context_j/veiw?no=1 HTTP/1.1" 404 165 "http://127.0.0.1/" "Mozilla/5.0 (Linux; Android 6.0; Nexus 5 Build/MRA58N) AppleWebKit/537.36 (KHTML, like Gecko) Chrome/96.0.4664.55 Mobile Safari/537.36 Edg/96.0.1054.34"
121.146.245.59 - - [28/Nov/2021:07:48:21 +0000] "GET /api/v1/user/context_j/board/100 HTTP/1.1" 304 - "http://127.0.0.1/" "Mozilla/5.0 (Windows NT 10.0; Win64; x64) AppleWebKit/537.36 (KHTML, like Gecko) Chrome/96.0.4664.55 Safari/537.36 Edg/96.0.1054.34"
121.146.245.59 - - [28/Nov/2021:07:48:25 +0000] "GET /api/v1/user/context_j/board/100 HTTP/1.1" 304 - "http://127.0.0.1/" "Mozilla/5.0 (Windows NT 10.0; Win64; x64) AppleWebKit/537.36 (KHTML, like Gecko) Chrome/96.0.4664.55 Safari/537.36 Edg/96.0.1054.34"
121.146.245.59 - - [28/Nov/2021:07:48:27 +0000] "GET /api/v1/user/context_j/veiw?id=1 HTTP/1.1" 404 165 "http://127.0.0.1/" "Mozilla/5.0 (Windows NT 10.0; Win64; x64) AppleWebKit/537.36 (KHTML, like Gecko) Chrome/96.0.4664.55 Safari/537.36 Edg/96.0.1054.34"
121.146.245.59 - - [28/Nov/2021:07:48:58 +0000] "GET /api/v1/user/context_j/veiw?id=1 HTTP/1.1" 404 165 "http://127.0.0.1/" "Mozilla/5.0 (Linux; Android 6.0; Nexus 5 Build/MRA58N) AppleWebKit/537.36 (KHTML, like Gecko) Chrome/96.0.4664.55 Mobile Safari/537.36 Edg/96.0.1054.34"
121.146.245.59 - - [28/Nov/2021:07:49:46 +0000] "GET /api/v1/user/context_j/board/100 HTTP/1.1" 304 - "http://127.0.0.1/" "Mozilla/5.0 (Windows NT 10.0; Win64; x64) AppleWebKit/537.36 (KHTML, like Gecko) Chrome/96.0.4664.55 Safari/537.36 Edg/96.0.1054.34"
121.146.245.59 - - [28/Nov/2021:07:50:00 +0000] "GET /api/v1/user/context_j/veiw?id=3 HTTP/1.1" 404 165 "http://127.0.0.1/" "Mozilla/5.0 (Windows NT 10.0; Win64; x64) AppleWebKit/537.36 (KHTML, like Gecko) Chrome/96.0.4664.55 Safari/537.36 Edg/96.0.1054.34"
121.146.245.59 - - [28/Nov/2021:07:50:59 +0000] "GET /api/v1/user/context_j/veiw?id=1 HTTP/1.1" 404 165 "http://127.0.0.1/" "Mozilla/5.0 (Windows NT 10.0; Win64; x64) AppleWebKit/537.36 (KHTML, like Gecko) Chrome/96.0.4664.55 Safari/537.36 Edg/96.0.1054.34"
121.146.245.59 - - [28/Nov/2021:07:52:19 +0000] "GET /api/v1/user/context_j/board/100 HTTP/1.1" 304 - "http://127.0.0.1/" "Mozilla/5.0 (Windows NT 10.0; Win64; x64) AppleWebKit/537.36 (KHTML, like Gecko) Chrome/96.0.4664.55 Safari/537.36 Edg/96.0.1054.34"
121.146.245.59 - - [28/Nov/2021:07:52:21 +0000] "GET /api/v1/user/context_j/veiw HTTP/1.1" 404 165 "http://127.0.0.1/" "Mozilla/5.0 (Windows NT 10.0; Win64; x64) AppleWebKit/537.36 (KHTML, like Gecko) Chrome/96.0.4664.55 Safari/537.36 Edg/96.0.1054.34"
115.138.119.101 - - [28/Nov/2021:07:53:18 +0000] "GET /api/v1/user/context_j/veiw?no=1 HTTP/1.1" 404 165 "-" "Mozilla/5.0 (Windows NT 10.0; Win64; x64) AppleWebKit/537.36 (KHTML, like Gecko) Chrome/94.0.4606.118 Whale/2.11.126.23 Safari/537.36"
115.138.119.101 - - [28/Nov/2021:07:53:20 +0000] "GET /api/v1/user/context_j/veiw?no=1 HTTP/1.1" 404 165 "-" "Mozilla/5.0 (Windows NT 10.0; Win64; x64) AppleWebKit/537.36 (KHTML, like Gecko) Chrome/94.0.4606.118 Whale/2.11.126.23 Safari/537.36"
121.146.245.59 - - [28/Nov/2021:07:53:20 +0000] "GET /api/v1/user/context_j/veiw HTTP/1.1" 404 165 "http://127.0.0.1/" "Mozilla/5.0 (Linux; Android 6.0; Nexus 5 Build/MRA58N) AppleWebKit/537.36 (KHTML, like Gecko) Chrome/96.0.4664.55 Mobile Safari/537.36 Edg/96.0.1054.34"
115.138.119.101 - - [28/Nov/2021:07:53:21 +0000] "GET /api/v1/user/context_j/veiw?no=1 HTTP/1.1" 404 165 "-" "Mozilla/5.0 (Windows NT 10.0; Win64; x64) AppleWebKit/537.36 (KHTML, like Gecko) Chrome/94.0.4606.118 Whale/2.11.126.23 Safari/537.36"
115.138.119.101 - - [28/Nov/2021:07:53:21 +0000] "GET /api/v1/user/context_j/veiw?no=1 HTTP/1.1" 404 165 "-" "Mozilla/5.0 (Windows NT 10.0; Win64; x64) AppleWebKit/537.36 (KHTML, like Gecko) Chrome/94.0.4606.118 Whale/2.11.126.23 Safari/537.36"
115.138.119.101 - - [28/Nov/2021:07:53:40 +0000] "GET /api/v1/user/context_j/veiw?no=1 HTTP/1.1" 404 165 "-" "Mozilla/5.0 (Windows NT 10.0; Win64; x64) AppleWebKit/537.36 (KHTML, like Gecko) Chrome/94.0.4606.118 Whale/2.11.126.23 Safari/537.36"
115.138.119.101 - - [28/Nov/2021:07:53:41 +0000] "GET /api/v1/user/context_j/veiw?no=1 HTTP/1.1" 404 165 "-" "Mozilla/5.0 (Windows NT 10.0; Win64; x64) AppleWebKit/537.36 (KHTML, like Gecko) Chrome/94.0.4606.118 Whale/2.11.126.23 Safari/537.36"
115.138.119.101 - - [28/Nov/2021:07:53:42 +0000] "GET /api/v1/user/context_j/veiw?no=1 HTTP/1.1" 404 165 "-" "Mozilla/5.0 (Windows NT 10.0; Win64; x64) AppleWebKit/537.36 (KHTML, like Gecko) Chrome/94.0.4606.118 Whale/2.11.126.23 Safari/537.36"
115.138.119.101 - - [28/Nov/2021:07:53:42 +0000] "GET /api/v1/user/context_j/veiw?no=1 HTTP/1.1" 404 165 "-" "Mozilla/5.0 (Windows NT 10.0; Win64; x64) AppleWebKit/537.36 (KHTML, like Gecko) Chrome/94.0.4606.118 Whale/2.11.126.23 Safari/537.36"
121.146.245.59 - - [28/Nov/2021:07:54:19 +0000] "GET /api/v1/user/context_j/board/100 HTTP/1.1" 304 - "http://127.0.0.1/" "Mozilla/5.0 (Windows NT 10.0; Win64; x64) AppleWebKit/537.36 (KHTML, like Gecko) Chrome/96.0.4664.55 Safari/537.36 Edg/96.0.1054.34"
121.146.245.59 - - [28/Nov/2021:07:54:19 +0000] "GET /api/v1/user/context_j/veiw?id=1 HTTP/1.1" 404 165 "http://127.0.0.1/" "Mozilla/5.0 (Linux; Android 6.0; Nexus 5 Build/MRA58N) AppleWebKit/537.36 (KHTML, like Gecko) Chrome/96.0.4664.55 Mobile Safari/537.36 Edg/96.0.1054.34"
121.146.245.59 - - [28/Nov/2021:07:55:07 +0000] "GET /api/v1/user/context_j/board/100 HTTP/1.1" 304 - "http://127.0.0.1/" "Mozilla/5.0 (Windows NT 10.0; Win64; x64) AppleWebKit/537.36 (KHTML, like Gecko) Chrome/96.0.4664.55 Safari/537.36 Edg/96.0.1054.34"
121.146.245.59 - - [28/Nov/2021:07:55:07 +0000] "GET /api/v1/user/context_j/veiw HTTP/1.1" 404 165 "http://127.0.0.1/" "Mozilla/5.0 (Linux; Android 6.0; Nexus 5 Build/MRA58N) AppleWebKit/537.36 (KHTML, like Gecko) Chrome/96.0.4664.55 Mobile Safari/537.36 Edg/96.0.1054.34"
121.146.245.59 - - [28/Nov/2021:07:55:09 +0000] "GET /api/v1/user/context_j/veiw HTTP/1.1" 404 165 "http://127.0.0.1/" "Mozilla/5.0 (Windows NT 10.0; Win64; x64) AppleWebKit/537.36 (KHTML, like Gecko) Chrome/96.0.4664.55 Safari/537.36 Edg/96.0.1054.34"
115.138.119.101 - - [28/Nov/2021:07:55:12 +0000] "GET /api/v1/user/context_j/veiw HTTP/1.1" 404 165 "-" "Mozilla/5.0 (Windows NT 10.0; Win64; x64) AppleWebKit/537.36 (KHTML, like Gecko) Chrome/94.0.4606.118 Whale/2.11.126.23 Safari/537.36"
115.138.119.101 - - [28/Nov/2021:07:56:04 +0000] "GET /api/v1/user/context_j/board?id=1 HTTP/1.1" 404 166 "-" "Mozilla/5.0 (Windows NT 10.0; Win64; x64) AppleWebKit/537.36 (KHTML, like Gecko) Chrome/94.0.4606.118 Whale/2.11.126.23 Safari/537.36"
121.146.245.59 - - [28/Nov/2021:07:56:13 +0000] "GET /api/v1/user/context_j/board/100 HTTP/1.1" 304 - "http://127.0.0.1/" "Mozilla/5.0 (Linux; Android 6.0; Nexus 5 Build/MRA58N) AppleWebKit/537.36 (KHTML, like Gecko) Chrome/96.0.4664.55 Mobile Safari/537.36 Edg/96.0.1054.34"
115.138.119.101 - - [28/Nov/2021:07:59:02 +0000] "GET /api/v1/user/context_j/board/100 HTTP/1.1" 200 694 "-" "Mozilla/5.0 (Windows NT 10.0; Win64; x64) AppleWebKit/537.36 (KHTML, like Gecko) Chrome/94.0.4606.118 Whale/2.11.126.23 Safari/537.36"
115.138.119.101 - - [28/Nov/2021:07:59:22 +0000] "GET /api/v1/user/context_j/veiw/100 HTTP/1.1" 200 41 "-" "Mozilla/5.0 (Windows NT 10.0; Win64; x64) AppleWebKit/537.36 (KHTML, like Gecko) Chrome/94.0.4606.118 Whale/2.11.126.23 Safari/537.36"
115.138.119.101 - - [28/Nov/2021:07:59:33 +0000] "GET /api/v1/user/context_j/veiw/1 HTTP/1.1" 200 176 "-" "Mozilla/5.0 (Windows NT 10.0; Win64; x64) AppleWebKit/537.36 (KHTML, like Gecko) Chrome/94.0.4606.118 Whale/2.11.126.23 Safari/537.36"
121.146.245.59 - - [28/Nov/2021:07:59:53 +0000] "GET /api/v1/user/context_j/board/100 HTTP/1.1" 304 - "http://127.0.0.1/" "Mozilla/5.0 (Linux; Android 6.0; Nexus 5 Build/MRA58N) AppleWebKit/537.36 (KHTML, like Gecko) Chrome/96.0.4664.55 Mobile Safari/537.36 Edg/96.0.1054.34"
121.146.245.59 - - [28/Nov/2021:07:59:53 +0000] "GET /api/v1/user/context_j/veiw/1 HTTP/1.1" 200 176 "http://127.0.0.1/" "Mozilla/5.0 (Linux; Android 6.0; Nexus 5 Build/MRA58N) AppleWebKit/537.36 (KHTML, like Gecko) Chrome/96.0.4664.55 Mobile Safari/537.36 Edg/96.0.1054.34"
121.146.245.59 - - [28/Nov/2021:07:59:54 +0000] "GET /api/v1/user/context_j/board/100 HTTP/1.1" 304 - "http://127.0.0.1/" "Mozilla/5.0 (Windows NT 10.0; Win64; x64) AppleWebKit/537.36 (KHTML, like Gecko) Chrome/96.0.4664.55 Safari/537.36 Edg/96.0.1054.34"
121.146.245.59 - - [28/Nov/2021:07:59:56 +0000] "GET /api/v1/user/context_j/veiw/1 HTTP/1.1" 304 - "http://127.0.0.1/" "Mozilla/5.0 (Windows NT 10.0; Win64; x64) AppleWebKit/537.36 (KHTML, like Gecko) Chrome/96.0.4664.55 Safari/537.36 Edg/96.0.1054.34"
121.146.245.59 - - [28/Nov/2021:08:04:35 +0000] "GET /api/v1/user/context_j/board/100 HTTP/1.1" 304 - "http://127.0.0.1/" "Mozilla/5.0 (Windows NT 10.0; Win64; x64) AppleWebKit/537.36 (KHTML, like Gecko) Chrome/96.0.4664.55 Safari/537.36 Edg/96.0.1054.34"
121.146.245.59 - - [28/Nov/2021:08:04:38 +0000] "GET /api/v1/user/context_j/veiw/1 HTTP/1.1" 304 - "http://127.0.0.1/" "Mozilla/5.0 (Windows NT 10.0; Win64; x64) AppleWebKit/537.36 (KHTML, like Gecko) Chrome/96.0.4664.55 Safari/537.36 Edg/96.0.1054.34"
121.146.245.59 - - [28/Nov/2021:08:04:57 +0000] "GET /api/v1/user/context_j/board/100 HTTP/1.1" 304 - "http://127.0.0.1/" "Mozilla/5.0 (Windows NT 10.0; Win64; x64) AppleWebKit/537.36 (KHTML, like Gecko) Chrome/96.0.4664.55 Safari/537.36 Edg/96.0.1054.34"
121.146.245.59 - - [28/Nov/2021:08:04:58 +0000] "GET /api/v1/user/context_j/veiw/1 HTTP/1.1" 304 - "http://127.0.0.1/" "Mozilla/5.0 (Windows NT 10.0; Win64; x64) AppleWebKit/537.36 (KHTML, like Gecko) Chrome/96.0.4664.55 Safari/537.36 Edg/96.0.1054.34"
121.146.245.59 - - [28/Nov/2021:08:04:58 +0000] "GET /api/v1/user/context_j/board/100 HTTP/1.1" 304 - "http://127.0.0.1/" "Mozilla/5.0 (Windows NT 10.0; Win64; x64) AppleWebKit/537.36 (KHTML, like Gecko) Chrome/96.0.4664.55 Safari/537.36 Edg/96.0.1054.34"
121.146.245.59 - - [28/Nov/2021:08:04:58 +0000] "GET /api/v1/user/context_j/veiw/1 HTTP/1.1" 304 - "http://127.0.0.1/" "Mozilla/5.0 (Linux; Android 6.0; Nexus 5 Build/MRA58N) AppleWebKit/537.36 (KHTML, like Gecko) Chrome/96.0.4664.55 Mobile Safari/537.36 Edg/96.0.1054.34"
121.146.245.59 - - [28/Nov/2021:08:04:58 +0000] "GET /api/v1/user/context_j/board/100 HTTP/1.1" 304 - "http://127.0.0.1/" "Mozilla/5.0 (Linux; Android 6.0; Nexus 5 Build/MRA58N) AppleWebKit/537.36 (KHTML, like Gecko) Chrome/96.0.4664.55 Mobile Safari/537.36 Edg/96.0.1054.34"
121.146.245.59 - - [28/Nov/2021:08:05:42 +0000] "GET /api/v1/user/context_j/board/100 HTTP/1.1" 304 - "http://127.0.0.1/" "Mozilla/5.0 (Windows NT 10.0; Win64; x64) AppleWebKit/537.36 (KHTML, like Gecko) Chrome/96.0.4664.55 Safari/537.36 Edg/96.0.1054.34"
121.146.245.59 - - [28/Nov/2021:08:09:48 +0000] "GET /api/v1/user/context_j/board/100 HTTP/1.1" 200 694 "http://khkh0130.shop:3000/" "Mozilla/5.0 (Windows NT 10.0; Win64; x64) AppleWebKit/537.36 (KHTML, like Gecko) Chrome/96.0.4664.55 Safari/537.36 Edg/96.0.1054.34"
121.146.245.59 - - [28/Nov/2021:08:09:55 +0000] "GET /api/v1/user/context_j/veiw?id=3 HTTP/1.1" 404 165 "http://khkh0130.shop:3000/" "Mozilla/5.0 (Windows NT 10.0; Win64; x64) AppleWebKit/537.36 (KHTML, like Gecko) Chrome/96.0.4664.55 Safari/537.36 Edg/96.0.1054.34"
115.138.119.101 - - [28/Nov/2021:08:10:03 +0000] "GET /api/v1/user/context_j/board/100 HTTP/1.1" 304 - "http://khkh0130.shop:3000/" "Mozilla/5.0 (Windows NT 10.0; Win64; x64) AppleWebKit/537.36 (KHTML, like Gecko) Chrome/94.0.4606.118 Whale/2.11.126.23 Safari/537.36"
115.138.119.101 - - [28/Nov/2021:08:10:05 +0000] "GET /api/v1/user/context_j/veiw?id=2 HTTP/1.1" 404 165 "http://khkh0130.shop:3000/" "Mozilla/5.0 (Windows NT 10.0; Win64; x64) AppleWebKit/537.36 (KHTML, like Gecko) Chrome/94.0.4606.118 Whale/2.11.126.23 Safari/537.36"
121.146.245.59 - - [28/Nov/2021:08:10:08 +0000] "GET /api/v1/user/context_j/board/100 HTTP/1.1" 304 - "http://khkh0130.shop:3000/" "Mozilla/5.0 (Windows NT 10.0; Win64; x64) AppleWebKit/537.36 (KHTML, like Gecko) Chrome/96.0.4664.55 Safari/537.36 Edg/96.0.1054.34"
121.146.245.59 - - [28/Nov/2021:08:10:10 +0000] "GET /api/v1/user/context_j/veiw?id=3 HTTP/1.1" 404 165 "http://khkh0130.shop:3000/" "Mozilla/5.0 (Windows NT 10.0; Win64; x64) AppleWebKit/537.36 (KHTML, like Gecko) Chrome/96.0.4664.55 Safari/537.36 Edg/96.0.1054.34"
115.138.119.101 - - [28/Nov/2021:08:10:11 +0000] "GET /api/v1/user/context_j/board/100 HTTP/1.1" 304 - "http://khkh0130.shop:3000/" "Mozilla/5.0 (Windows NT 10.0; Win64; x64) AppleWebKit/537.36 (KHTML, like Gecko) Chrome/94.0.4606.118 Whale/2.11.126.23 Safari/537.36"
115.138.119.101 - - [28/Nov/2021:08:10:13 +0000] "GET /api/v1/user/context_j/veiw?id=5 HTTP/1.1" 404 165 "http://khkh0130.shop:3000/" "Mozilla/5.0 (Windows NT 10.0; Win64; x64) AppleWebKit/537.36 (KHTML, like Gecko) Chrome/94.0.4606.118 Whale/2.11.126.23 Safari/537.36"
115.138.119.101 - - [28/Nov/2021:08:10:17 +0000] "GET /api/v1/user/context_j/board/100 HTTP/1.1" 304 - "http://khkh0130.shop:3000/" "Mozilla/5.0 (Windows NT 10.0; Win64; x64) AppleWebKit/537.36 (KHTML, like Gecko) Chrome/94.0.4606.118 Whale/2.11.126.23 Safari/537.36"
115.138.119.101 - - [28/Nov/2021:08:10:19 +0000] "GET /api/v1/user/context_j/veiw?id=1 HTTP/1.1" 404 165 "http://khkh0130.shop:3000/" "Mozilla/5.0 (Windows NT 10.0; Win64; x64) AppleWebKit/537.36 (KHTML, like Gecko) Chrome/94.0.4606.118 Whale/2.11.126.23 Safari/537.36"
115.138.119.101 - - [28/Nov/2021:08:10:20 +0000] "GET /api/v1/user/context_j/board/100 HTTP/1.1" 304 - "http://khkh0130.shop:3000/" "Mozilla/5.0 (Windows NT 10.0; Win64; x64) AppleWebKit/537.36 (KHTML, like Gecko) Chrome/94.0.4606.118 Whale/2.11.126.23 Safari/537.36"
115.138.119.101 - - [28/Nov/2021:08:10:26 +0000] "GET /api/v1/user/context_j/board/100 HTTP/1.1" 304 - "http://khkh0130.shop:3000/" "Mozilla/5.0 (Windows NT 10.0; Win64; x64) AppleWebKit/537.36 (KHTML, like Gecko) Chrome/94.0.4606.118 Whale/2.11.126.23 Safari/537.36"
115.138.119.101 - - [28/Nov/2021:08:10:30 +0000] "GET /api/v1/user/context_j/board/100 HTTP/1.1" 304 - "http://khkh0130.shop:3000/" "Mozilla/5.0 (Windows NT 10.0; Win64; x64) AppleWebKit/537.36 (KHTML, like Gecko) Chrome/94.0.4606.118 Whale/2.11.126.23 Safari/537.36"
115.138.119.101 - - [28/Nov/2021:08:10:33 +0000] "GET /api/v1/user/context_j/board/100 HTTP/1.1" 304 - "http://khkh0130.shop:3000/" "Mozilla/5.0 (Windows NT 10.0; Win64; x64) AppleWebKit/537.36 (KHTML, like Gecko) Chrome/94.0.4606.118 Whale/2.11.126.23 Safari/537.36"
115.138.119.101 - - [28/Nov/2021:08:10:40 +0000] "GET /api/v1/user/context_j/board/100 HTTP/1.1" 304 - "http://khkh0130.shop:3000/" "Mozilla/5.0 (Windows NT 10.0; Win64; x64) AppleWebKit/537.36 (KHTML, like Gecko) Chrome/94.0.4606.118 Whale/2.11.126.23 Safari/537.36"
115.138.119.101 - - [28/Nov/2021:08:10:42 +0000] "GET /api/v1/user/context_j/board/100 HTTP/1.1" 304 - "http://khkh0130.shop:3000/" "Mozilla/5.0 (Windows NT 10.0; Win64; x64) AppleWebKit/537.36 (KHTML, like Gecko) Chrome/94.0.4606.118 Whale/2.11.126.23 Safari/537.36"
115.138.119.101 - - [28/Nov/2021:08:11:02 +0000] "GET /api/v1/user/context_j/board/100 HTTP/1.1" 304 - "http://khkh0130.shop:3000/" "Mozilla/5.0 (Windows NT 10.0; Win64; x64) AppleWebKit/537.36 (KHTML, like Gecko) Chrome/94.0.4606.118 Whale/2.11.126.23 Safari/537.36"
115.138.119.101 - - [28/Nov/2021:08:11:40 +0000] "GET /api/v1/user/context_j/board/100 HTTP/1.1" 304 - "http://khkh0130.shop:3000/" "Mozilla/5.0 (Windows NT 10.0; Win64; x64) AppleWebKit/537.36 (KHTML, like Gecko) Chrome/94.0.4606.118 Whale/2.11.126.23 Safari/537.36"
115.138.119.101 - - [28/Nov/2021:08:11:45 +0000] "GET /api/v1/user/context_j/veiw?id=5 HTTP/1.1" 404 165 "http://khkh0130.shop:3000/" "Mozilla/5.0 (Windows NT 10.0; Win64; x64) AppleWebKit/537.36 (KHTML, like Gecko) Chrome/94.0.4606.118 Whale/2.11.126.23 Safari/537.36"
115.138.119.101 - - [28/Nov/2021:08:11:48 +0000] "GET /api/v1/user/context_j/board/100 HTTP/1.1" 304 - "http://khkh0130.shop:3000/" "Mozilla/5.0 (Windows NT 10.0; Win64; x64) AppleWebKit/537.36 (KHTML, like Gecko) Chrome/94.0.4606.118 Whale/2.11.126.23 Safari/537.36"
121.146.245.59 - - [28/Nov/2021:08:11:49 +0000] "GET /api/v1/user/context_j/veiw?id=1 HTTP/1.1" 404 165 "http://khkh0130.shop:3000/" "Mozilla/5.0 (Windows NT 10.0; Win64; x64) AppleWebKit/537.36 (KHTML, like Gecko) Chrome/96.0.4664.55 Safari/537.36 Edg/96.0.1054.34"
115.138.119.101 - - [28/Nov/2021:08:11:51 +0000] "GET /api/v1/user/context_j/veiw?id=1 HTTP/1.1" 404 165 "http://khkh0130.shop:3000/" "Mozilla/5.0 (Windows NT 10.0; Win64; x64) AppleWebKit/537.36 (KHTML, like Gecko) Chrome/94.0.4606.118 Whale/2.11.126.23 Safari/537.36"
115.138.119.101 - - [28/Nov/2021:08:11:53 +0000] "GET /api/v1/user/context_j/board/100 HTTP/1.1" 304 - "http://khkh0130.shop:3000/" "Mozilla/5.0 (Windows NT 10.0; Win64; x64) AppleWebKit/537.36 (KHTML, like Gecko) Chrome/94.0.4606.118 Whale/2.11.126.23 Safari/537.36"
121.146.245.59 - - [28/Nov/2021:08:12:01 +0000] "GET /api/v1/user/context_j/board/100 HTTP/1.1" 304 - "http://khkh0130.shop:3000/" "Mozilla/5.0 (Windows NT 10.0; Win64; x64) AppleWebKit/537.36 (KHTML, like Gecko) Chrome/96.0.4664.55 Safari/537.36 Edg/96.0.1054.34"
121.146.245.59 - - [28/Nov/2021:08:12:06 +0000] "GET /api/v1/user/context_j/veiw?id=1 HTTP/1.1" 404 165 "http://khkh0130.shop:3000/" "Mozilla/5.0 (Windows NT 10.0; Win64; x64) AppleWebKit/537.36 (KHTML, like Gecko) Chrome/96.0.4664.55 Safari/537.36 Edg/96.0.1054.34"
121.146.245.59 - - [28/Nov/2021:08:12:12 +0000] "GET /api/v1/user/context_j/board/100 HTTP/1.1" 304 - "http://khkh0130.shop:3000/" "Mozilla/5.0 (Windows NT 10.0; Win64; x64) AppleWebKit/537.36 (KHTML, like Gecko) Chrome/96.0.4664.55 Safari/537.36 Edg/96.0.1054.34"
121.146.245.59 - - [28/Nov/2021:08:13:05 +0000] "GET /api/v1/user/context_j/veiw?id=1 HTTP/1.1" 404 165 "http://khkh0130.shop:3000/" "Mozilla/5.0 (Windows NT 10.0; Win64; x64) AppleWebKit/537.36 (KHTML, like Gecko) Chrome/96.0.4664.55 Safari/537.36 Edg/96.0.1054.34"
115.138.119.101 - - [28/Nov/2021:08:16:11 +0000] "GET /api/v1/user/context_j/board/100 HTTP/1.1" 304 - "http://khkh0130.shop:3000/" "Mozilla/5.0 (Windows NT 10.0; Win64; x64) AppleWebKit/537.36 (KHTML, like Gecko) Chrome/94.0.4606.118 Whale/2.11.126.23 Safari/537.36"
115.138.119.101 - - [28/Nov/2021:08:16:13 +0000] "GET /api/v1/user/context_j/veiw?id=1 HTTP/1.1" 404 165 "http://khkh0130.shop:3000/" "Mozilla/5.0 (Windows NT 10.0; Win64; x64) AppleWebKit/537.36 (KHTML, like Gecko) Chrome/94.0.4606.118 Whale/2.11.126.23 Safari/537.36"
115.138.119.101 - - [28/Nov/2021:08:16:17 +0000] "GET /api/v1/user/context_j/board/100 HTTP/1.1" 304 - "http://khkh0130.shop:3000/" "Mozilla/5.0 (Windows NT 10.0; Win64; x64) AppleWebKit/537.36 (KHTML, like Gecko) Chrome/94.0.4606.118 Whale/2.11.126.23 Safari/537.36"
121.146.245.59 - - [28/Nov/2021:08:16:19 +0000] "GET /api/v1/user/context_j/board/100 HTTP/1.1" 304 - "http://khkh0130.shop:3000/" "Mozilla/5.0 (Windows NT 10.0; Win64; x64) AppleWebKit/537.36 (KHTML, like Gecko) Chrome/96.0.4664.55 Safari/537.36 Edg/96.0.1054.34"
121.146.245.59 - - [28/Nov/2021:08:16:31 +0000] "GET /api/v1/user/context_j/board/100 HTTP/1.1" 304 - "http://khkh0130.shop:3000/" "Mozilla/5.0 (Windows NT 10.0; Win64; x64) AppleWebKit/537.36 (KHTML, like Gecko) Chrome/96.0.4664.55 Safari/537.36 Edg/96.0.1054.34"
121.146.245.59 - - [28/Nov/2021:08:18:46 +0000] "GET /api/v1/user/context_j/board/100 HTTP/1.1" 304 - "http://khkh0130.shop:3000/" "Mozilla/5.0 (Windows NT 10.0; Win64; x64) AppleWebKit/537.36 (KHTML, like Gecko) Chrome/96.0.4664.55 Safari/537.36 Edg/96.0.1054.34"
121.146.245.59 - - [28/Nov/2021:08:19:09 +0000] "GET /api/v1/user/context_j/veiw/ HTTP/1.1" 404 166 "http://127.0.0.1/" "Mozilla/5.0 (Linux; Android 6.0; Nexus 5 Build/MRA58N) AppleWebKit/537.36 (KHTML, like Gecko) Chrome/96.0.4664.55 Mobile Safari/537.36 Edg/96.0.1054.34"
121.146.245.59 - - [28/Nov/2021:08:19:09 +0000] "GET /api/v1/user/context_j/board/100 HTTP/1.1" 304 - "http://127.0.0.1/" "Mozilla/5.0 (Windows NT 10.0; Win64; x64) AppleWebKit/537.36 (KHTML, like Gecko) Chrome/96.0.4664.55 Safari/537.36 Edg/96.0.1054.34"
121.146.245.59 - - [28/Nov/2021:08:19:09 +0000] "GET /api/v1/user/context_j/board/100 HTTP/1.1" 304 - "http://127.0.0.1/" "Mozilla/5.0 (Linux; Android 6.0; Nexus 5 Build/MRA58N) AppleWebKit/537.36 (KHTML, like Gecko) Chrome/96.0.4664.55 Mobile Safari/537.36 Edg/96.0.1054.34"
121.146.245.59 - - [28/Nov/2021:08:19:09 +0000] "GET /api/v1/user/context_j/board/100 HTTP/1.1" 304 - "http://127.0.0.1/" "Mozilla/5.0 (Windows NT 10.0; Win64; x64) AppleWebKit/537.36 (KHTML, like Gecko) Chrome/96.0.4664.55 Safari/537.36 Edg/96.0.1054.34"
121.146.245.59 - - [28/Nov/2021:08:19:10 +0000] "GET /api/v1/user/context_j/board/100 HTTP/1.1" 304 - "http://127.0.0.1/" "Mozilla/5.0 (Windows NT 10.0; Win64; x64) AppleWebKit/537.36 (KHTML, like Gecko) Chrome/96.0.4664.55 Safari/537.36 Edg/96.0.1054.34"
121.146.245.59 - - [28/Nov/2021:08:19:19 +0000] "GET /api/v1/user/context_j/veiw/1 HTTP/1.1" 304 - "http://127.0.0.1/" "Mozilla/5.0 (Linux; Android 6.0; Nexus 5 Build/MRA58N) AppleWebKit/537.36 (KHTML, like Gecko) Chrome/96.0.4664.55 Mobile Safari/537.36 Edg/96.0.1054.34"
121.146.245.59 - - [28/Nov/2021:08:19:19 +0000] "GET /api/v1/user/context_j/board/100 HTTP/1.1" 304 - "http://127.0.0.1/" "Mozilla/5.0 (Windows NT 10.0; Win64; x64) AppleWebKit/537.36 (KHTML, like Gecko) Chrome/96.0.4664.55 Safari/537.36 Edg/96.0.1054.34"
121.146.245.59 - - [28/Nov/2021:08:19:19 +0000] "GET /api/v1/user/context_j/board/100 HTTP/1.1" 304 - "http://127.0.0.1/" "Mozilla/5.0 (Windows NT 10.0; Win64; x64) AppleWebKit/537.36 (KHTML, like Gecko) Chrome/96.0.4664.55 Safari/537.36 Edg/96.0.1054.34"
121.146.245.59 - - [28/Nov/2021:08:19:19 +0000] "GET /api/v1/user/context_j/board/100 HTTP/1.1" 304 - "http://127.0.0.1/" "Mozilla/5.0 (Linux; Android 6.0; Nexus 5 Build/MRA58N) AppleWebKit/537.36 (KHTML, like Gecko) Chrome/96.0.4664.55 Mobile Safari/537.36 Edg/96.0.1054.34"
121.146.245.59 - - [28/Nov/2021:08:19:19 +0000] "GET /api/v1/user/context_j/board/100 HTTP/1.1" 304 - "http://127.0.0.1/" "Mozilla/5.0 (Windows NT 10.0; Win64; x64) AppleWebKit/537.36 (KHTML, like Gecko) Chrome/96.0.4664.55 Safari/537.36 Edg/96.0.1054.34"
121.146.245.59 - - [28/Nov/2021:08:20:09 +0000] "GET /api/v1/user/context_j/board/100 HTTP/1.1" 304 - "http://127.0.0.1/" "Mozilla/5.0 (Windows NT 10.0; Win64; x64) AppleWebKit/537.36 (KHTML, like Gecko) Chrome/96.0.4664.55 Safari/537.36 Edg/96.0.1054.34"
121.146.245.59 - - [28/Nov/2021:08:20:30 +0000] "GET /api/v1/user/context_j/board/100 HTTP/1.1" 304 - "http://127.0.0.1/" "Mozilla/5.0 (Windows NT 10.0; Win64; x64) AppleWebKit/537.36 (KHTML, like Gecko) Chrome/96.0.4664.55 Safari/537.36 Edg/96.0.1054.34"
